// Jest Snapshot v1, https://goo.gl/fbAQLP

exports[`test Modal render Modal 1`] = `<DocumentFragment />`;
